// Jest Snapshot v1, https://goo.gl/fbAQLP

exports[`MerchShop component ShopItem link 1`] = `
<div>
  <nav
    class="nav-bar"
  >
    <a
      class="logo"
      href="/shopping-cart"
    >
      auditty
    </a>
    <div>
      <a
        class="nav-link"
        href="/shopping-cart"
      >
        HOME
      </a>
      <a
        class="nav-link"
        href="/shopping-cart/music-shop"
      >
        MUSIC
      </a>
      <a
        class="nav-link"
        href="/shopping-cart/merch-shop"
      >
        MERCH
      </a>
      <a
        class="nav-link"
        href="/shopping-cart/sale-shop"
        style="color: red;"
      >
        SALE
      </a>
    </div>
    <a
      class="cart-logo"
      href="/shopping-cart/cart"
    >
      <img
        alt="cart"
        src="shopping-cart.png"
      />
      <div
        class="cart-badge hidden"
      />
    </a>
  </nav>
  <div
    class="details"
  >
    <img
      alt=""
      class="details-img"
      src="ovo-hoodie.webp"
    />
    <div
      class="details-info"
    >
      <div
        class="qty-in-cart"
      />
      <div
        class="details-title"
      >
        OVO Essentials Hoodie
      </div>
      <div
        class="details-price"
      >
        $
        79.99
      </div>
      <div
        class="quantity css-b62m3t-container"
      >
        <span
          class="css-1f43avz-a11yText-A11yText"
          id="react-select-2-live-region"
        />
        <span
          aria-atomic="false"
          aria-live="polite"
          aria-relevant="additions text"
          class="css-1f43avz-a11yText-A11yText"
        />
        <div
          class=" css-1s2u09g-control"
        >
          <div
            class=" css-319lph-ValueContainer"
          >
            <div
              class=" css-qc6sy-singleValue"
            >
              1
            </div>
            <div
              class=" css-6j8wv5-Input"
              data-value=""
            >
              <input
                aria-autocomplete="list"
                aria-controls="react-select-2-listbox"
                aria-expanded="false"
                aria-haspopup="true"
                aria-owns="react-select-2-listbox"
                autocapitalize="none"
                autocomplete="off"
                autocorrect="off"
                class=""
                id="react-select-2-input"
                role="combobox"
                spellcheck="false"
                style="opacity: 1; width: 100%; grid-area: 1 / 2; min-width: 2px; border: 0px; margin: 0px; outline: 0; padding: 0px;"
                tabindex="0"
                type="text"
                value=""
              />
            </div>
          </div>
          <div
            class=" css-1hb7zxy-IndicatorsContainer"
          >
            <span
              class=" css-1okebmr-indicatorSeparator"
            />
            <div
              aria-hidden="true"
              class=" css-tlfecz-indicatorContainer"
            >
              <svg
                aria-hidden="true"
                class="css-tj5bde-Svg"
                focusable="false"
                height="20"
                viewBox="0 0 20 20"
                width="20"
              >
                <path
                  d="M4.516 7.548c0.436-0.446 1.043-0.481 1.576 0l3.908 3.747 3.908-3.747c0.533-0.481 1.141-0.446 1.574 0 0.436 0.445 0.408 1.197 0 1.615-0.406 0.418-4.695 4.502-4.695 4.502-0.217 0.223-0.502 0.335-0.787 0.335s-0.57-0.112-0.789-0.335c0 0-4.287-4.084-4.695-4.502s-0.436-1.17 0-1.615z"
                />
              </svg>
            </div>
          </div>
        </div>
      </div>
      <button
        class="add-to-cart active"
      >
        ADD TO CART
      </button>
    </div>
  </div>
</div>
`;

exports[`MerchShop component renders MerchShop 1`] = `
<div>
  <nav
    class="nav-bar"
  >
    <a
      class="logo"
      href="/shopping-cart"
    >
      auditty
    </a>
    <div>
      <a
        class="nav-link"
        href="/shopping-cart"
      >
        HOME
      </a>
      <a
        class="nav-link"
        href="/shopping-cart/music-shop"
      >
        MUSIC
      </a>
      <a
        class="nav-link"
        href="/shopping-cart/merch-shop"
      >
        MERCH
      </a>
      <a
        class="nav-link"
        href="/shopping-cart/sale-shop"
        style="color: red;"
      >
        SALE
      </a>
    </div>
    <a
      class="cart-logo"
      href="/shopping-cart/cart"
    >
      <img
        alt="cart"
        src="shopping-cart.png"
      />
      <div
        class="cart-badge hidden"
      />
    </a>
  </nav>
  <div
    class="merch-shop"
  >
    <h2>
      Merch
    </h2>
    <div
      class="items-container"
    >
      <div
        class="shop-item"
      >
        <a
          href="/shopping-cart/details"
        >
          <img
            alt="OVO Essentials Hoodie"
            class="shop-item-img"
            src="ovo-hoodie.webp"
          />
        </a>
        <div
          class="shop-title"
        >
          OVO Essentials Hoodie
        </div>
        <div
          class="shop-price"
        >
          $
          79.99
        </div>
      </div>
      <div
        class="shop-item"
      >
        <a
          href="/shopping-cart/details"
        >
          <img
            alt="Macadelic 2012 Tour Tee"
            class="shop-item-img"
            src="macadelic-tee.webp"
          />
        </a>
        <div
          class="shop-title"
        >
          Macadelic 2012 Tour Tee
        </div>
        <div
          class="shop-price"
        >
          $
          29.99
        </div>
      </div>
      <div
        class="shop-item"
      >
        <a
          href="/shopping-cart/details"
        >
          <img
            alt="Kanye West “Holy Spirit” Sweatshirt"
            class="shop-item-img"
            src="kanye-holy-spirit.jpeg"
          />
        </a>
        <div
          class="shop-title"
        >
          Kanye West “Holy Spirit” Sweatshirt
        </div>
        <div
          class="shop-price"
        >
          $
          59.99
        </div>
      </div>
      <div
        class="shop-item"
      >
        <a
          href="/shopping-cart/details"
        >
          <img
            alt="\\"Expensive Pain\\" Hoodie"
            class="shop-item-img"
            src="expensive-pain-hoodie.webp"
          />
        </a>
        <div
          class="shop-title"
        >
          "Expensive Pain" Hoodie
        </div>
        <div
          class="shop-price"
        >
          $
          79.99
        </div>
      </div>
      <div
        class="shop-item"
      >
        <a
          href="/shopping-cart/details"
        >
          <img
            alt="Pivot Gang x TOMBOGO Bucket Hat"
            class="shop-item-img"
            src="pivot-gang-hat.webp"
          />
        </a>
        <div
          class="shop-title"
        >
          Pivot Gang x TOMBOGO Bucket Hat
        </div>
        <div
          class="shop-price"
        >
          $
          29.99
        </div>
      </div>
      <div
        class="shop-item"
      >
        <a
          href="/shopping-cart/details"
        >
          <img
            alt="Drogas Wave Album Hoodie"
            class="shop-item-img"
            src="drogas-hoodie.webp"
          />
        </a>
        <div
          class="shop-title"
        >
          Drogas Wave Album Hoodie
        </div>
        <div
          class="shop-price"
        >
          $
          69.99
        </div>
      </div>
      <div
        class="shop-item"
      >
        <a
          href="/shopping-cart/details"
        >
          <img
            alt="ISSA Money Pool Tee"
            class="shop-item-img"
            src="issa-tee.jpeg"
          />
        </a>
        <div
          class="shop-title"
        >
          ISSA Money Pool Tee
        </div>
        <div
          class="shop-price"
        >
          $
          24.99
        </div>
      </div>
      <div
        class="shop-item"
      >
        <a
          href="/shopping-cart/details"
        >
          <img
            alt="Pro Era 47 Shorts"
            class="shop-item-img"
            src="pro-era-shorts.webp"
          />
        </a>
        <div
          class="shop-title"
        >
          Pro Era 47 Shorts
        </div>
        <div
          class="shop-price"
        >
          $
          44.99
        </div>
      </div>
      <div
        class="shop-item"
      >
        <a
          href="/shopping-cart/details"
        >
          <img
            alt="VLONE x Saint Mxxxxxx Sweat Pants "
            class="shop-item-img"
            src="vlone-pants.webp"
          />
        </a>
        <div
          class="shop-title"
        >
          VLONE x Saint Mxxxxxx Sweat Pants 
        </div>
        <div
          class="shop-price"
        >
          $
          64.99
        </div>
      </div>
      <div
        class="shop-item"
      >
        <a
          href="/shopping-cart/details"
        >
          <img
            alt="Chance 3 New Era Cap"
            class="shop-item-img"
            src="chance-hat.webp"
          />
        </a>
        <div
          class="shop-title"
        >
          Chance 3 New Era Cap
        </div>
        <div
          class="shop-price"
        >
          $
          34.99
        </div>
      </div>
      <div
        class="shop-item"
      >
        <a
          href="/shopping-cart/details"
        >
          <img
            alt="Enjoy Life Tee"
            class="shop-item-img"
            src="6lack-tee.webp"
          />
        </a>
        <div
          class="shop-title"
        >
          Enjoy Life Tee
        </div>
        <div
          class="shop-price"
        >
          $
          24.99
        </div>
      </div>
      <div
        class="shop-item"
      >
        <a
          href="/shopping-cart/details"
        >
          <img
            alt="TDE Hoodie"
            class="shop-item-img"
            src="tde-hoodie.webp"
          />
        </a>
        <div
          class="shop-title"
        >
          TDE Hoodie
        </div>
        <div
          class="shop-price"
        >
          $
          64.99
        </div>
      </div>
    </div>
  </div>
</div>
`;
